Player joined game
Insert a username:
Lobby name changed to: Tegakari: player1
Player accepted
Please Choose a theme: Greek(G), Washington(W), or Pirate(P)
Would you like to add a robot? (y/n)
3 is the number of players in the lobby. If that is the correct number of players you would like in this game press y (yes) to start or else n (no) to wait for more players.
3 is the number of players in the lobby. If that is the correct number of players you would like in this game press y (yes) to start or else n (no) to wait for more players.
4 is the number of players in the lobby. If that is the correct number of players you would like in this game press y (yes) to start or else n (no) to wait for more players.
4 is the number of players in the lobby. If that is the correct number of players you would like in this game press y (yes) to start or else n (no) to wait for more players.
5 is the number of players in the lobby. If that is the correct number of players you would like in this game press y (yes) to start or else n (no) to wait for more players.
Card Drawn
The players still in the game are:
player1
player2
player3
player4
player5

Your Clue Cards are: 
> Aphrodite
> Aphrodite
> Aphrodite
> Aphrodite
Your Action Cards are: 
> [1] Private Tip Card: Show me one red Vehicle Card
> [2] Private Tip Card: Show me one red Vehicle Card
What do you want to do? 
> Play action 1 [enter 1]
> Play action 2 [enter 2]
> Accuse [enter 'a']
1: player2
2: player3
3: player4
4: player5
Input which player you would like to send this card to
player2 has no cards to show you.
Would you like to accuse? y/n
Ending turn
Would you like to quit the application? enter yes [y] or no [n]
Cards that met the Private Tip condition:
player5 played this Private Tip but you have no cards to show!
Card Drawn
The players still in the game are:
player1
player2
player3
player4
player5

Your Clue Cards are: 
> Aphrodite
> Aphrodite
> Aphrodite
> Aphrodite
Your Action Cards are: 
> [1] Private Tip Card: Show me one red Vehicle Card
> [2] Private Tip Card: Show me all your Destination Cards
What do you want to do? 
> Play action 1 [enter 1]
> Play action 2 [enter 2]
> Accuse [enter 'a']
Pick a suspect according to theme (1-6)
Pick a vehicle according to theme (1-6)
Pick a destination according to theme (1-9)
Are you sure to make this accusation: [Aphrodite] in a [Apollo's Chariot] at [Athena's Forest]
Enter (y) to confirm, (n) to cancel
Would you like to quit the application? enter yes [y] or no [n]
Your accusation:
Aphrodite
Apollo's Chariot
Athena's Forest
Which matches the correct solution
Aphrodite
Apollo's Chariot
Athena's Forest
You player1 WIN The Game 
Game Ended!
Game Over
Play again? Enter: (y/n)
