How many times would you like to run the server?
Lobby phase
Started listening for clients
Client connected
New Theme Selected: GREEK
Client connected
Client connected
Client connected
Client connected
Readying game...
In testing mode... Solution: Aphrodite, Apollo's Chariot, Athena's Forest
Sent table
Sent solution
Sent GAME_READY
Starting game...
Game phase
Client disconnected
Client disconnected
Client disconnected
Client disconnected
Client disconnected
