Player joined game
Insert a username:
Lobby name changed to: Tegakari: player5
Player accepted
Cards that met the Private Tip condition:
player4 played this Private Tip but you have no cards to show!
Card Drawn
The players still in the game are:
player5
player1
player2
player3
player4

Your Clue Cards are: 
> Aphrodite
> Aphrodite
> Aphrodite
Your Action Cards are: 
> [1] Private Tip Card: Show me one red Vehicle Card
> [2] Private Tip Card: Show me one northern Destination Card
What do you want to do? 
> Play action 1 [enter 1]
> Play action 2 [enter 2]
> Accuse [enter 'a']
1: player1
2: player2
3: player3
4: player4
Input which player you would like to send this card to
player1 has no cards to show you.
Would you like to accuse? y/n
Ending turn
Would you like to quit the application? enter yes [y] or no [n]
player1 accuses:
Aphrodite
Apollo's Chariot
Athena's Forest
Which matches the correct solution
Game Over
Play again? Enter: (y/n)
