Player joined game
Insert a username:
Lobby name changed to: Tegakari: human
Player accepted
Please Choose a theme: Greek(G), Washington(W), or Pirate(P)
Would you like to add a robot? (y/n)
What difficulty robot? Basic (b) or Smart (s)
Would you like to add another robot? (y/n)
What difficulty robot? Basic (b) or Smart (s)
Would you like to add another robot? (y/n)
What difficulty robot? Basic (b) or Smart (s)
Would you like to add another robot? (y/n)
3 is the number of players in the lobby. If that is the correct number of players you would like in this game press y (yes) to start or else n (no) to wait for more players.
4 is the number of players in the lobby. If that is the correct number of players you would like in this game press y (yes) to start or else n (no) to wait for more players.
Card Drawn
The players still in the game are:
human
Robot1_Basic
Robot2_Basic
Robot3_Basic

Your Clue Cards are: 
> Aphrodite
> Artemis
> Hera
> Ares
> Mount Olympus
Your Action Cards are: 
> [1] Suggestion Card: Make a Suggestion from Current Destination or Move to Another Destination
> [2] Suggestion Card: Make a Suggestion from Current Destination or Move to Another Destination
What do you want to do? 
> Play action 1 [enter 1]
> Play action 2 [enter 2]
> Accuse [enter 'a']
Would you like to move (m) or suggest (s)?
Pick a suspect according to theme (1-6)
Pick a vehicle according to theme (1-6)
Would you like to accuse? y/n
Ending turn
Would you like to quit the application? enter yes [y] or no [n]
Robot1_Basic has: Apollo's Chariot





Robot2_Basicplayed this suggestion
Aphrodite, Apollo's Chariot, Athena's Forest
1: Aphrodite
Pick a card to choose





Robot3_Basicplayed this suggestion
Aphrodite, Apollo's Chariot, Athena's Forest
1: Aphrodite
Pick a card to choose
Card Drawn
The players still in the game are:
human
Robot1_Basic
Robot2_Basic
Robot3_Basic

Your Clue Cards are: 
> Aphrodite
> Artemis
> Hera
> Ares
> Mount Olympus
Your Action Cards are: 
> [1] Suggestion Card: Make a Suggestion from Current Destination or Move to Another Destination
> [2] Suggestion Card: Make a Suggestion from Current Destination or Move to Another Destination
What do you want to do? 
> Play action 1 [enter 1]
> Play action 2 [enter 2]
> Accuse [enter 'a']
Would you like to move (m) or suggest (s)?
Pick a destination according to theme (1-9)s
Would you like to accuse? y/n
Ending turn
Would you like to quit the application? enter yes [y] or no [n]





Robot2_Basicplayed this suggestion
Aphrodite, Apollo's Chariot, Athena's Forest
1: Aphrodite
Pick a card to choose





Robot3_Basicplayed this suggestion
Aphrodite, Apollo's Chariot, Athena's Forest
1: Aphrodite
Pick a card to choose
Card Drawn
The players still in the game are:
human
Robot1_Basic
Robot2_Basic
Robot3_Basic

Your Clue Cards are: 
> Aphrodite
> Artemis
> Hera
> Ares
> Mount Olympus
Your Action Cards are: 
> [1] Suggestion Card: Make a Suggestion from Current Destination or Move to Another Destination
> [2] Suggestion Card: Make a Suggestion from Current Destination or Move to Another Destination
What do you want to do? 
> Play action 1 [enter 1]
> Play action 2 [enter 2]
> Accuse [enter 'a']
Pick a suspect according to theme (1-6)
Pick a vehicle according to theme (1-6)
Pick a destination according to theme (1-9)
Are you sure to make this accusation: [Artemis] in a [Athena's Horse] at [Dionysus' Vineyard]
Enter (y) to confirm, (n) to cancel
Would you like to quit the application? enter yes [y] or no [n]
