Player joined game
Insert a username:
Lobby name changed to: Tegakari: player1
Player accepted
Please Choose a theme: Greek(G), Washington(W), or Pirate(P)
Would you like to add a robot? (y/n)
What difficulty robot? Basic (b) or Smart (s)
Would you like to add another robot? (y/n)
What difficulty robot? Basic (b) or Smart (s)
Would you like to add another robot? (y/n)
3 is the number of players in the lobby. If that is the correct number of players you would like in this game press y (yes) to start or else n (no) to wait for more players.
Card Drawn
The players still in the game are:
player1
Robot1_Basic
Robot2_Basic

Your Clue Cards are: 
> Hera
> Ares
> Dionysus' Vineyard
> Hermes Sandals
> Hades' Dogs
> Poseidon's Ocean
Your Action Cards are: 
> [1] Snoop Card: Snoop on any player's hand
> [2] Snoop Card: Snoop on any player's hand
What do you want to do? 
> Play action 1 [enter 1]
> Play action 2 [enter 2]
> Accuse [enter 'a']
Pick a suspect according to theme (1-6)
Pick a vehicle according to theme (1-6)
Pick a destination according to theme (1-9)
Are you sure to make this accusation: [Aphrodite] in a [Apollo's Chariot] at [Athena's Forest]
Enter (y) to confirm, (n) to cancel
Would you like to quit the application? enter yes [y] or no [n]
Your accusation:
Aphrodite
Apollo's Chariot
Athena's Forest
Which matches the correct solution
Aphrodite
Apollo's Chariot
Athena's Forest
You player1 WIN The Game 
Game Ended!
Game Over
Play again? Enter: (y/n)
Player joined game
Insert a username:
Lobby name changed to: Tegakari: player1
Player accepted
Client was disconnected
Please Choose a theme: Greek(G), Washington(W), or Pirate(P)
Would you like to add a robot? (y/n)
What difficulty robot? Basic (b) or Smart (s)
Would you like to add another robot? (y/n)
What difficulty robot? Basic (b) or Smart (s)
Would you like to add another robot? (y/n)
3 is the number of players in the lobby. If that is the correct number of players you would like in this game press y (yes) to start or else n (no) to wait for more players.
Card Drawn
The players still in the game are:
player1
Robot1_Basic
Robot2_Basic

Your Clue Cards are: 
> Hera
> Ares
> Dionysus' Vineyard
> Hermes Sandals
> Hades' Dogs
> Poseidon's Ocean
Your Action Cards are: 
> [1] Snoop Card: Snoop on any player's hand
> [2] Snoop Card: Snoop on any player's hand
What do you want to do? 
> Play action 1 [enter 1]
> Play action 2 [enter 2]
> Accuse [enter 'a']
Pick a suspect according to theme (1-6)
Pick a vehicle according to theme (1-6)
Pick a destination according to theme (1-9)
Are you sure to make this accusation: [Aphrodite] in a [Apollo's Chariot] at [Athena's Forest]
Enter (y) to confirm, (n) to cancel
Would you like to quit the application? enter yes [y] or no [n]
Your accusation:
Aphrodite
Apollo's Chariot
Athena's Forest
Which matches the correct solution
Aphrodite
Apollo's Chariot
Athena's Forest
You player1 WIN The Game 
Game Ended!
Game Over
Play again? Enter: (y/n)
