Player joined game
Insert a username:
Lobby name changed to: Tegakari: p2
Player accepted
1: Eros' Wings
Input which card you would like to show
1: Eros' Wings
Input which card you would like to show
1: Eros' Wings
Input which card you would like to show
Card Drawn
The players still in the game are:
p2
p1
Robot1_Basic
Robot2_Basic

Your Clue Cards are: 
> Dionysus
> Eros' Wings
> Athena's Forest
> Dionysus' Vineyard
Your Action Cards are: 
> [1] Super Sleuth Card: Show me one flying Vehicle Card
> [2] Super Sleuth Card: Show me one blue Vehicle Card
What do you want to do? 
> Play action 1 [enter 1]
> Play action 2 [enter 2]
> Accuse [enter 'a']
Would you like to accuse? y/n
Ending turn
Would you like to quit the application? enter yes [y] or no [n]
1: Eros' Wings
Input which card you would like to show
1: Eros' Wings
Input which card you would like to show
1: Eros' Wings
Input which card you would like to show
Card Drawn
The players still in the game are:
p2
p1
Robot1_Basic
Robot2_Basic

Your Clue Cards are: 
> Dionysus
> Eros' Wings
> Athena's Forest
> Dionysus' Vineyard
Your Action Cards are: 
> [1] Super Sleuth Card: Show me one blue Vehicle Card
> [2] Super Sleuth Card: Show me one southern Destination Card
What do you want to do? 
> Play action 1 [enter 1]
> Play action 2 [enter 2]
> Accuse [enter 'a']
You played a Sleuth Card, please wait for players to choose.
Would you like to accuse? y/n
Ending turn
Would you like to quit the application? enter yes [y] or no [n]
