How many times would you like to run the server?
Lobby phase
Started listening for clients
Client connected
New Theme Selected: GREEK
Sever adding Robot...
Sever adding Robot...
Sever adding Robot...
Readying game...
In testing mode... Solution: Hermes, Hermes Sandals, Athens
Dealing clues
	 card: Aphrodite to human to human
	 card: Apollo's Chariot to Robot1_Basic to Robot1_Basic
	 card: Athena's Forest to Robot2_Basic to Robot2_Basic
	 card: Dionysus to Robot3_Basic to Robot3_Basic
	 card: Artemis to human to human
	 card: Athena's Horse to Robot1_Basic to Robot1_Basic
	 card: Poseidon's Ocean to Robot2_Basic to Robot2_Basic
	 card: Poseidon's Ship to Robot3_Basic to Robot3_Basic
	 card: Hera to human to human
	 card: Eros' Wings to Robot1_Basic to Robot1_Basic
	 card: Atlas' Sky to Robot2_Basic to Robot2_Basic
	 card: Hades' Underworld to Robot3_Basic to Robot3_Basic
	 card: Ares to human to human
	 card: Hades' Dogs to Robot1_Basic to Robot1_Basic
	 card: Dionysus' Vineyard to Robot2_Basic to Robot2_Basic
	 card: Hephaestus' Volcano to Robot3_Basic to Robot3_Basic
	 card: Mount Olympus to human to human
	 card: Phoebe's Moon to Robot1_Basic to Robot1_Basic
Dealing action
	 give actionC(Make a Suggestion from Current Destination or Move to Another Destination) to human
	 give actionC(Make a Suggestion from Current Destination or Move to Another Destination) to Robot1_Basic
	 give actionC(Make a Suggestion from Current Destination or Move to Another Destination) to Robot2_Basic
	 give actionC(Make a Suggestion from ANY Destination) to Robot3_Basic
Dealing dest
	 assign dest to human
	 assign dest to Robot1_Basic
	 assign dest to Robot2_Basic
	 assign dest to Robot3_Basic
Sent table
Sent solution
Sent GAME_READY
Starting game...
Game phase





Make a Suggestion from Current Destination or Move to Another Destination
Robot turn
done drawing action card : class tegakari.SuggestionCard

Begin Robot1_Basic's turn
Robot1_Basic plays action card: Make a Suggestion from Current Destination or Move to Another Destination
it is disprovable by Robot2_Basic
Robot1_Basic has not found solution yet.




Handling clue card:
	Robot2_Basic showing me Athena's Forest
	 marked : true , true
	Finish robot turn
Make a Suggestion from Current Destination or Move to Another Destination
Robot turn
done drawing action card : class tegakari.SuggestionCard

Begin Robot2_Basic's turn
Robot2_Basic plays action card: Make a Suggestion from Current Destination or Move to Another Destination
it is disprovable by human
Robot2_Basic has not found solution yet.
Handling clue card:
	human showing me Aphrodite
	 marked : true , true
	Finish robot turn
Make a Suggestion from Current Destination or Move to Another Destination
Robot turn
done drawing action card : class tegakari.SuggestionCard

Begin Robot3_Basic's turn
Robot3_Basic plays action card: Make a Suggestion from ANY Destination
it is disprovable by human
Robot3_Basic has not found solution yet.
Handling clue card:
	human showing me Aphrodite
	 marked : true , true
	Finish robot turn
Make a Suggestion from Current Destination or Move to Another Destination
Robot turn
done drawing action card : class tegakari.SuggestionCard

Begin Robot1_Basic's turn
Robot1_Basic plays action card: Make a Suggestion from Current Destination or Move to Another Destination
it is disprovable by Robot2_Basic
Robot1_Basic has not found solution yet.




Handling clue card:
	Robot2_Basic showing me Athena's Forest
	 marked : true , true
	Finish robot turn
Make a Suggestion from Current Destination or Move to Another Destination
Robot turn
done drawing action card : class tegakari.SuggestionCard

Begin Robot2_Basic's turn
Robot2_Basic plays action card: Make a Suggestion from Current Destination or Move to Another Destination
it is disprovable by human
Robot2_Basic has not found solution yet.
Handling clue card:
	human showing me Aphrodite
	 marked : true , true
	Finish robot turn
Make a Suggestion from Current Destination or Move to Another Destination
Robot turn
done drawing action card : class tegakari.SuggestionCard

Begin Robot3_Basic's turn
Robot3_Basic plays action card: Make a Suggestion from Current Destination or Move to Another Destination
it is disprovable by human
Robot3_Basic has not found solution yet.
Handling clue card:
	human showing me Aphrodite
	 marked : true , true
	Finish robot turn
Client disconnected
