Player joined game
Insert a username:
Lobby name changed to: Tegakari: p1
Player accepted
Please Choose a theme: Greek(G), Washington(W), or Pirate(P)
Would you like to add a robot? (y/n)
What difficulty robot? Basic (b) or Smart (s)
Would you like to add another robot? (y/n)
What difficulty robot? Basic (b) or Smart (s)
Would you like to add another robot? (y/n)
3 is the number of players in the lobby. If that is the correct number of players you would like in this game press y (yes) to start or else n (no) to wait for more players.
3 is the number of players in the lobby. If that is the correct number of players you would like in this game press y (yes) to start or else n (no) to wait for more players.
4 is the number of players in the lobby. If that is the correct number of players you would like in this game press y (yes) to start or else n (no) to wait for more players.
Card Drawn
The players still in the game are:
p1
Robot1_Basic
Robot2_Basic
p2

Your Clue Cards are: 
> Aphrodite
> Artemis
> Hera
> Ares
> Hephaestus' Volcano
Your Action Cards are: 
> [1] Super Sleuth Card: Show me one flying Vehicle Card
> [2] Super Sleuth Card: Show me one male Suspect Card
What do you want to do? 
> Play action 1 [enter 1]
> Play action 2 [enter 2]
> Accuse [enter 'a']
You played a Sleuth Card, please wait for players to choose.
Would you like to accuse? y/n
Ending turn
Would you like to quit the application? enter yes [y] or no [n]
p2 has: Eros' Wings
Card Drawn
The players still in the game are:
p1
Robot1_Basic
Robot2_Basic
p2

Your Clue Cards are: 
> Aphrodite
> Artemis
> Hera
> Ares
> Hephaestus' Volcano
Your Action Cards are: 
> [1] Super Sleuth Card: Show me one male Suspect Card
> [2] Super Sleuth Card: Show me one flying Vehicle Card
What do you want to do? 
> Play action 1 [enter 1]
> Play action 2 [enter 2]
> Accuse [enter 'a']
You played a Sleuth Card, please wait for players to choose.
Would you like to accuse? y/n
Ending turn
Would you like to quit the application? enter yes [y] or no [n]
p2 has: Eros' Wings
Card Drawn
The players still in the game are:
p1
Robot1_Basic
Robot2_Basic
p2

Your Clue Cards are: 
> Aphrodite
> Artemis
> Hera
> Ares
> Hephaestus' Volcano
Your Action Cards are: 
> [1] Super Sleuth Card: Show me one male Suspect Card
> [2] Super Sleuth Card: Show me one western Destination Card
What do you want to do? 
> Play action 1 [enter 1]
> Play action 2 [enter 2]
> Accuse [enter 'a']
You played a Sleuth Card, please wait for players to choose.
Would you like to accuse? y/n
Ending turn
Would you like to quit the application? enter yes [y] or no [n]
1: Hephaestus' Volcano
Input which card you would like to show
1: Hephaestus' Volcano
Input which card you would like to show
