Player joined game
Insert a username:
Lobby name changed to: Tegakari: player1
Player accepted
Please Choose a theme: Greek(G), Washington(W), or Pirate(P)
Would you like to add a robot? (y/n)
What difficulty robot? Basic (b) or Smart (s)
Would you like to add another robot? (y/n)
3 is the number of players in the lobby. If that is the correct number of players you would like in this game press y (yes) to start or else n (no) to wait for more players.
Card Drawn
The players still in the game are:
player1
Robot1_Basic
player2

Your Clue Cards are: 
> Aphrodite
> Dionysus
> Atlas' Sky
> Hades' Dogs
> Ares
> Dionysus' Vineyard
Your Action Cards are: 
> [1] Private Tip Card: Show me one red Vehicle Card
> [2] Private Tip Card: Show me all your Vehicle Cards
What do you want to do? 
> Play action 1 [enter 1]
> Play action 2 [enter 2]
> Accuse [enter 'a']
1: Robot1_Basic
2: player2
Input which player you would like to send this card to
player2 has no cards to show you.
Would you like to accuse? y/n
Ending turn
Would you like to quit the application? enter yes [y] or no [n]
Cards that met the Private Tip condition:
	1: Hades' Dogs
player2 played a Private Tip and you have shown all these cards.
Card Drawn
The players still in the game are:
player1
Robot1_Basic
player2

Your Clue Cards are: 
> Aphrodite
> Dionysus
> Atlas' Sky
> Hades' Dogs
> Ares
> Dionysus' Vineyard
Your Action Cards are: 
> [1] Private Tip Card: Show me all your Vehicle Cards
> [2] Private Tip Card: Show me all your Vehicle Cards
What do you want to do? 
> Play action 1 [enter 1]
> Play action 2 [enter 2]
> Accuse [enter 'a']
1: Robot1_Basic
2: player2
Input which player you would like to send this card to
player2 shows you:
Athena's Horse
Would you like to accuse? y/n
Ending turn
Would you like to quit the application? enter yes [y] or no [n]
Cards that met the Private Tip condition:
	1: Hades' Dogs
player2 played a Private Tip and you have shown all these cards.
Card Drawn
The players still in the game are:
player1
Robot1_Basic
player2

Your Clue Cards are: 
> Aphrodite
> Dionysus
> Atlas' Sky
> Hades' Dogs
> Ares
> Dionysus' Vineyard
Your Action Cards are: 
> [1] Private Tip Card: Show me all your Vehicle Cards
> [2] Private Tip Card: Show me one northern Destination Card
What do you want to do? 
> Play action 1 [enter 1]
> Play action 2 [enter 2]
> Accuse [enter 'a']
Pick a suspect according to theme (1-6)
Pick a vehicle according to theme (1-6)
Pick a destination according to theme (1-9)
Are you sure to make this accusation: [Hermes] in a [Hermes Sandals] at [Poseidon's Ocean]
Enter (y) to confirm, (n) to cancel
Would you like to quit the application? enter yes [y] or no [n]
Your accusation:
Hermes
Hermes Sandals
Poseidon's Ocean
Which matches the correct solution
Hermes
Hermes Sandals
Poseidon's Ocean
You player1 WIN The Game 
Game Ended!
Game Over
Play again? Enter: (y/n)
