Player joined game
Insert a username:
player2
Lobby name changed to: Tegakari: player2
Player accepted





1: Eros' Wings
Pick a card to choose
1
player1 accuses:
Aphrodite
Apollo's Chariot
Athena's Forest
Which does not match the correct solution
player1 Lost The Game
Card Drawn
The players still in the game are:
player2
player3
player4
Your Clue Cards are
Apollo's Chariot
Athena's Horse
Eros' Wings
Hades' Dogs
Phoebe's Moon
Your Action Cards are
Suggestion Card
Suggestion Card
What do you want to do? 
Play action 1 enter 1
Play action 2 enter 2
Accuse enter a
