Lobby phase
Started listening for clients
Client connected
Sever send message to 0 Robot
Client connected
Sever send message to 0 Robot
Client connected
Sever send message to 0 Robot
Client connected
Sever send message to 0 Robot
added Human
Sever send message to 0 Robot
added Human
Sever send message to 0 Robot
added Human
Sever send message to 0 Robot
added Human
Sever send message to 0 Robot
readying game
In TestingMode, Solution: Suspect(Hermes) - Vehicle(Hermes Sandals) - Destination(Athens)
Sever send message to 0 Robot
Sent table
Sever send message to 0 Robot
Sent solution
Sever send message to 0 Robot
Sent GAME_READY
starting game
Sever send message to 0 Robot
Game phase
Sever send message to 0 Robot
Sever send message to 0 Robot
Sever send message to 0 Robot
Sever send message to 0 Robot
Sever send message to 0 Robot
Sever send message to 0 Robot
