Player joined game
Insert a username:
player4
Lobby name changed to: Tegakari: player4
Player accepted
player1 accuses:
Aphrodite
Apollo's Chariot
Athena's Forest
Which does not match the correct solution
player1 Lost The Game
